******************************************************************************
                  MSP430 Linker PC v18.12.0                    
******************************************************************************
>> Linked Wed Oct  2 17:31:27 2019

OUTPUT FILE NAME:   <SM26EL_TimerA_Senoide.out>
ENTRY POINT SYMBOL: "_c_int00_noargs"  address: 0000f0e6


MEMORY CONFIGURATION

         name            origin    length      used     unused   attr    fill
----------------------  --------  ---------  --------  --------  ----  --------
  SFR                   00000000   00000010  00000000  00000010  RWIX
  PERIPHERALS_8BIT      00000010   000000f0  00000000  000000f0  RWIX
  PERIPHERALS_16BIT     00000100   00000100  00000000  00000100  RWIX
  RAM                   00000200   00000200  000000d3  0000012d  RWIX
  INFOD                 00001000   00000040  00000000  00000040  RWIX
  INFOC                 00001040   00000040  00000000  00000040  RWIX
  INFOB                 00001080   00000040  00000000  00000040  RWIX
  INFOA                 000010c0   00000040  00000000  00000040  RWIX
  FLASH                 0000c000   00003fde  00003358  00000c86  RWIX
  BSLSIGNATURE          0000ffde   00000002  00000002  00000000  RWIX  ffff 
  INT00                 0000ffe0   00000002  00000002  00000000  RWIX
  INT01                 0000ffe2   00000002  00000000  00000002  RWIX
  INT02                 0000ffe4   00000002  00000002  00000000  RWIX
  INT03                 0000ffe6   00000002  00000002  00000000  RWIX
  INT04                 0000ffe8   00000002  00000000  00000002  RWIX
  INT05                 0000ffea   00000002  00000002  00000000  RWIX
  INT06                 0000ffec   00000002  00000002  00000000  RWIX
  INT07                 0000ffee   00000002  00000002  00000000  RWIX
  INT08                 0000fff0   00000002  00000002  00000000  RWIX
  INT09                 0000fff2   00000002  00000002  00000000  RWIX
  INT10                 0000fff4   00000002  00000002  00000000  RWIX
  INT11                 0000fff6   00000002  00000002  00000000  RWIX
  INT12                 0000fff8   00000002  00000002  00000000  RWIX
  INT13                 0000fffa   00000002  00000002  00000000  RWIX
  INT14                 0000fffc   00000002  00000002  00000000  RWIX
  RESET                 0000fffe   00000002  00000002  00000000  RWIX


SECTION ALLOCATION MAP

 output                                  attributes/
section   page    origin      length       input sections
--------  ----  ----------  ----------   ----------------
.bss       0    00000200    00000080     UNINITIALIZED
                  00000200    00000080     (.common:vetor_pwm)

.data      0    00000280    00000003     UNINITIALIZED
                  00000280    00000002     rts430_eabi.lib : errno.c.obj (.data)
                  00000282    00000001     main.obj (.data)

.stack     0    000003b0    00000050     UNINITIALIZED
                  000003b0    00000002     rts430_eabi.lib : boot.c.obj (.stack)
                  000003b2    0000004e     --HOLE--

.text      0    0000c000    000031ee     
                  0000c000    00000d8e     rts430_eabi.lib : k_rem_pio2.c.obj (.text:__kernel_rem_pio2)
                  0000cd8e    000008d2                     : s_sin.c.obj (.text:sin)
                  0000d660    000002fa                     : addd.c.obj (.text:__mspabi_addd)
                  0000d95a    000002b4                     : k_sin.c.obj (.text:__kernel_sin)
                  0000dc0e    00000286                     : frcmpyd.c.obj (.text:__TI_frcmpyd)
                  0000de94    00000270                     : k_cos.c.obj (.text:__kernel_cos)
                  0000e104    0000026e                     : mpyd.c.obj (.text:__mspabi_mpyd)
                  0000e372    00000260                     : frcaddd.c.obj (.text:__TI_frcaddd)
                  0000e5d2    000001d0                     : s_floor.c.obj (.text:floor)
                  0000e7a2    0000016a                     : s_scalbn.c.obj (.text:scalbn)
                  0000e90c    000000dc                     : cmpd.c.obj (.text:__mspabi_cmpd)
                  0000e9e8    000000be                     : renormd.c.obj (.text:__TI_renormd)
                  0000eaa6    000000ac                     : fltlid.c.obj (.text:__mspabi_fltlid)
                  0000eb52    0000009a     main.obj (.text:main)
                  0000ebec    0000008a     rts430_eabi.lib : fltuld.c.obj (.text:__mspabi_fltuld)
                  0000ec76    0000007c                     : copy_decompress_lzss.c.obj (.text:decompress:lzss:__TI_decompress_lzss)
                  0000ecf2    00000074                     : fixdul.c.obj (.text:__mspabi_fixdul)
                  0000ed66    00000072                     : fixdli.c.obj (.text:__mspabi_fixdli)
                  0000edd8    0000005c                     : lsr32.asm.obj (.text:l_lsr_const)
                  0000ee34    0000004c                     : lsr16.asm.obj (.text)
                  0000ee80    00000042                     : autoinit.c.obj (.text:__TI_auto_init_nobinit_nopinit:__TI_auto_init_nobinit_nopinit)
                  0000eec2    0000003e                     : asr32.asm.obj (.text:l_asr_const)
                  0000ef00    0000003e                     : lsl32.asm.obj (.text:l_lsl_const)
                  0000ef3e    0000002e                     : subd.c.obj (.text:__mspabi_subd)
                  0000ef6c    0000002e                     : s_copysign.c.obj (.text:copysign)
                  0000ef9a    0000002c                     : asr16.asm.obj (.text)
                  0000efc6    0000002c                     : div16s.asm.obj (.text)
                  0000eff2    0000002c                     : lsl16.asm.obj (.text)
                  0000f01e    0000002a                     : negd.c.obj (.text:__mspabi_negd)
                  0000f048    00000028     main.obj (.text:RTI_M1_Timer1)
                  0000f070    00000028     rts430_eabi.lib : fixdi.c.obj (.text:__mspabi_fixdi)
                  0000f098    00000028     main.obj (.text:config_ini)
                  0000f0c0    00000026     rts430_eabi.lib : mult32.asm.obj (.text)
                  0000f0e6    0000001c                     : boot.c.obj (.text:_c_int00_noargs)
                  0000f102    0000001a     main.obj (.text:ini_Timer1_PWM)
                  0000f11c    00000016     main.obj (.text:ini_P1_P2)
                  0000f132    00000016     rts430_eabi.lib : div16u.asm.obj (.text)
                  0000f148    00000014                     : copy_zero_init.c.obj (.text:decompress:ZI:__TI_zero_init_nomemset:__TI_zero_init_nomemset)
                  0000f15c    00000012                     : fixdu.c.obj (.text:__mspabi_fixdu)
                  0000f16e    00000012                     : copy_decompress_none.c.obj (.text:decompress:none:__TI_decompress_none)
                  0000f180    00000012                     : lsr32.asm.obj (.text:l_lsr)
                  0000f192    00000012                     : memcpy.c.obj (.text:memcpy)
                  0000f1a4    00000010                     : asr32.asm.obj (.text:l_asr)
                  0000f1b4    00000010                     : lsl32.asm.obj (.text:l_lsl)
                  0000f1c4    00000010                     : epilog.asm.obj (.text)
                  0000f1d4    00000008                     : isr_trap.asm.obj (.text:_isr:__TI_ISR_TRAP)
                  0000f1dc    00000006                     : fltud.c.obj (.text:__mspabi_fltud)
                  0000f1e2    00000006                     : exit.c.obj (.text:abort)
                  0000f1e8    00000004                     : pre_init.c.obj (.text:_system_pre_init)
                  0000f1ec    00000002                     : startup.c.obj (.text:_system_post_cinit)

.const     0    0000f1ee    00000150     
                  0000f1ee    00000108     rts430_eabi.lib : k_rem_pio2.c.obj (.const:ipio2)
                  0000f2f6    00000040                     : k_rem_pio2.c.obj (.const:PIo2)
                  0000f336    00000008                     : k_rem_pio2.c.obj (.const:init_jk)

.cinit     0    0000f33e    0000001a     
                  0000f33e    00000007     (.cinit..data.load) [load image]
                  0000f345    00000001     --HOLE-- [fill = 0]
                  0000f346    00000006     (__TI_handler_table)
                  0000f34c    00000004     (.cinit..bss.load) [load image, compression = zero_init]
                  0000f350    00000008     (__TI_cinit_table)

.binit     0    0000c000    00000000     

.init_array 
*          0    0000c000    00000000     UNINITIALIZED

TRAPINT    0    0000ffe0    00000002     
                  0000ffe0    00000002     rts430_eabi.lib : int00.asm.obj (.int00)

PORT1      0    0000ffe4    00000002     
                  0000ffe4    00000002     rts430_eabi.lib : int02.asm.obj (.int02)

PORT2      0    0000ffe6    00000002     
                  0000ffe6    00000002     rts430_eabi.lib : int03.asm.obj (.int03)

ADC10      0    0000ffea    00000002     
                  0000ffea    00000002     rts430_eabi.lib : int05.asm.obj (.int05)

USCIAB0TX 
*          0    0000ffec    00000002     
                  0000ffec    00000002     rts430_eabi.lib : int06.asm.obj (.int06)

USCIAB0RX 
*          0    0000ffee    00000002     
                  0000ffee    00000002     rts430_eabi.lib : int07.asm.obj (.int07)

TIMER0_A1 
*          0    0000fff0    00000002     
                  0000fff0    00000002     rts430_eabi.lib : int08.asm.obj (.int08)

TIMER0_A0 
*          0    0000fff2    00000002     
                  0000fff2    00000002     rts430_eabi.lib : int09.asm.obj (.int09)

WDT        0    0000fff4    00000002     
                  0000fff4    00000002     rts430_eabi.lib : int10.asm.obj (.int10)

COMPARATORA 
*          0    0000fff6    00000002     
                  0000fff6    00000002     rts430_eabi.lib : int11.asm.obj (.int11)

TIMER1_A1 
*          0    0000fff8    00000002     
                  0000fff8    00000002     main.obj (.int12)

TIMER1_A0 
*          0    0000fffa    00000002     
                  0000fffa    00000002     rts430_eabi.lib : int13.asm.obj (.int13)

NMI        0    0000fffc    00000002     
                  0000fffc    00000002     rts430_eabi.lib : int14.asm.obj (.int14)

.reset     0    0000fffe    00000002     
                  0000fffe    00000002     rts430_eabi.lib : boot.c.obj (.reset)

$fill000   0    0000ffde    00000002     
                  0000ffde    00000002     --HOLE-- [fill = ffff]

MODULE SUMMARY

       Module                       code    ro data   rw data
       ------                       ----    -------   -------
    .\
       main.obj                     282     2         129    
    +--+----------------------------+-------+---------+---------+
       Total:                       282     2         129    
                                                             
    C:\ti\ccsv8\tools\compiler\ti-cgt-msp430_18.12.0.LTS\lib\rts430_eabi.lib
       k_rem_pio2.c.obj             3470    336       0      
       s_sin.c.obj                  2258    0         0      
       addd.c.obj                   762     0         0      
       k_sin.c.obj                  692     0         0      
       frcmpyd.c.obj                646     0         0      
       k_cos.c.obj                  624     0         0      
       mpyd.c.obj                   622     0         0      
       frcaddd.c.obj                608     0         0      
       s_floor.c.obj                464     0         0      
       s_scalbn.c.obj               362     0         0      
       cmpd.c.obj                   220     0         0      
       renormd.c.obj                190     0         0      
       fltlid.c.obj                 172     0         0      
       fltuld.c.obj                 138     0         0      
       copy_decompress_lzss.c.obj   124     0         0      
       fixdul.c.obj                 116     0         0      
       fixdli.c.obj                 114     0         0      
       lsr32.asm.obj                110     0         0      
       asr32.asm.obj                78      0         0      
       lsl32.asm.obj                78      0         0      
       lsr16.asm.obj                76      0         0      
       autoinit.c.obj               66      0         0      
       s_copysign.c.obj             46      0         0      
       subd.c.obj                   46      0         0      
       asr16.asm.obj                44      0         0      
       div16s.asm.obj               44      0         0      
       lsl16.asm.obj                44      0         0      
       negd.c.obj                   42      0         0      
       fixdi.c.obj                  40      0         0      
       mult32.asm.obj               38      0         0      
       boot.c.obj                   28      2         0      
       div16u.asm.obj               22      0         0      
       copy_zero_init.c.obj         20      0         0      
       copy_decompress_none.c.obj   18      0         0      
       fixdu.c.obj                  18      0         0      
       memcpy.c.obj                 18      0         0      
       epilog.asm.obj               16      0         0      
       isr_trap.asm.obj             8       0         0      
       exit.c.obj                   6       0         0      
       fltud.c.obj                  6       0         0      
       pre_init.c.obj               4       0         0      
       errno.c.obj                  0       0         2      
       int00.asm.obj                0       2         0      
       int02.asm.obj                0       2         0      
       int03.asm.obj                0       2         0      
       int05.asm.obj                0       2         0      
       int06.asm.obj                0       2         0      
       int07.asm.obj                0       2         0      
       int08.asm.obj                0       2         0      
       int09.asm.obj                0       2         0      
       int10.asm.obj                0       2         0      
       int11.asm.obj                0       2         0      
       int13.asm.obj                0       2         0      
       int14.asm.obj                0       2         0      
       startup.c.obj                2       0         0      
    +--+----------------------------+-------+---------+---------+
       Total:                       12500   362       2      
                                                             
       Stack:                       0       0         80     
       Linker Generated:            0       25        0      
    +--+----------------------------+-------+---------+---------+
       Grand Total:                 12782   389       211    


LINKER GENERATED COPY TABLES

__TI_cinit_table @ 0000f350 records: 2, size/record: 4, table size: 8
	.data: load addr=0000f33e, load size=00000007 bytes, run addr=00000280, run size=00000003 bytes, compression=copy
	.bss: load addr=0000f34c, load size=00000004 bytes, run addr=00000200, run size=00000080 bytes, compression=zero_init


LINKER GENERATED HANDLER TABLE

__TI_handler_table @ 0000f346 records: 3, size/record: 2, table size: 6
	index: 0, handler: __TI_zero_init
	index: 1, handler: __TI_decompress_lzss
	index: 2, handler: __TI_decompress_none


GLOBAL SYMBOLS: SORTED ALPHABETICALLY BY Name 

address   name                          
-------   ----                          
0000004a  ADC10AE0                      
000001b0  ADC10CTL0                     
000001b2  ADC10CTL1                     
00000048  ADC10DTC0                     
00000049  ADC10DTC1                     
000001b4  ADC10MEM                      
000001bc  ADC10SA                       
00000057  BCSCTL1                       
00000058  BCSCTL2                       
00000053  BCSCTL3                       
0000f1e2  C$$EXIT                       
00000059  CACTL1                        
0000005a  CACTL2                        
000010fb  CALBC1_12MHZ                  
000010f9  CALBC1_16MHZ                  
000010ff  CALBC1_1MHZ                   
000010fd  CALBC1_8MHZ                   
000010fa  CALDCO_12MHZ                  
000010f8  CALDCO_16MHZ                  
000010fe  CALDCO_1MHZ                   
000010fc  CALDCO_8MHZ                   
0000005b  CAPD                          
00000056  DCOCTL                        
00000128  FCTL1                         
0000012a  FCTL2                         
0000012c  FCTL3                         
00000000  IE1                           
00000001  IE2                           
00000002  IFG1                          
00000003  IFG2                          
00000022  P1DIR                         
00000025  P1IE                          
00000024  P1IES                         
00000023  P1IFG                         
00000020  P1IN                          
00000021  P1OUT                         
00000027  P1REN                         
00000026  P1SEL                         
00000041  P1SEL2                        
0000002a  P2DIR                         
0000002d  P2IE                          
0000002c  P2IES                         
0000002b  P2IFG                         
00000028  P2IN                          
00000029  P2OUT                         
0000002f  P2REN                         
0000002e  P2SEL                         
00000042  P2SEL2                        
0000001a  P3DIR                         
00000018  P3IN                          
00000019  P3OUT                         
00000010  P3REN                         
0000001b  P3SEL                         
00000043  P3SEL2                        
0000f048  RTI_M1_Timer1                 
00000172  TA0CCR0                       
00000174  TA0CCR1                       
00000176  TA0CCR2                       
00000162  TA0CCTL0                      
00000164  TA0CCTL1                      
00000166  TA0CCTL2                      
00000160  TA0CTL                        
0000012e  TA0IV                         
00000170  TA0R                          
00000192  TA1CCR0                       
00000194  TA1CCR1                       
00000196  TA1CCR2                       
00000182  TA1CCTL0                      
00000184  TA1CCTL1                      
00000186  TA1CCTL2                      
00000180  TA1CTL                        
0000011e  TA1IV                         
00000190  TA1R                          
000010db  TLV_ADC10_1_LEN               
000010da  TLV_ADC10_1_TAG               
000010c0  TLV_CHECKSUM                  
000010f7  TLV_DCO_30_LEN                
000010f6  TLV_DCO_30_TAG                
0000005d  UCA0ABCTL                     
00000062  UCA0BR0                       
00000063  UCA0BR1                       
00000060  UCA0CTL0                      
00000061  UCA0CTL1                      
0000005f  UCA0IRRCTL                    
0000005e  UCA0IRTCTL                    
00000064  UCA0MCTL                      
00000066  UCA0RXBUF                     
00000065  UCA0STAT                      
00000067  UCA0TXBUF                     
0000006a  UCB0BR0                       
0000006b  UCB0BR1                       
00000068  UCB0CTL0                      
00000069  UCB0CTL1                      
0000006c  UCB0I2CIE                     
00000118  UCB0I2COA                     
0000011a  UCB0I2CSA                     
0000006e  UCB0RXBUF                     
0000006d  UCB0STAT                      
0000006f  UCB0TXBUF                     
00000120  WDTCTL                        
00000400  __STACK_END                   
00000050  __STACK_SIZE                  
0000f350  __TI_CINIT_Base               
0000f358  __TI_CINIT_Limit              
0000f346  __TI_Handler_Table_Base       
0000f34c  __TI_Handler_Table_Limit      
0000f1d4  __TI_ISR_TRAP                 
0000ee80  __TI_auto_init_nobinit_nopinit
0000ec76  __TI_decompress_lzss          
0000f16e  __TI_decompress_none          
0000e372  __TI_frcaddd                  
0000dc0e  __TI_frcmpyd                  
0000ffe0  __TI_int00                    
0000ffe4  __TI_int02                    
0000ffe6  __TI_int03                    
0000ffea  __TI_int05                    
0000ffec  __TI_int06                    
0000ffee  __TI_int07                    
0000fff0  __TI_int08                    
0000fff2  __TI_int09                    
0000fff4  __TI_int10                    
0000fff6  __TI_int11                    
0000fff8  __TI_int12                    
0000fffa  __TI_int13                    
0000fffc  __TI_int14                    
ffffffff  __TI_pprof_out_hndl           
ffffffff  __TI_prof_data_size           
ffffffff  __TI_prof_data_start          
0000e9e8  __TI_renormd                  
0000f148  __TI_zero_init_nomemset       
ffffffff  __c_args__                    
0000de94  __kernel_cos                  
0000c000  __kernel_rem_pio2             
0000d95a  __kernel_sin                  
0000d660  __mspabi_addd                 
0000e90c  __mspabi_cmpd                 
0000efc6  __mspabi_divi                 
0000f132  __mspabi_divu                 
0000f070  __mspabi_fixdi                
0000ed66  __mspabi_fixdli               
0000f15c  __mspabi_fixdu                
0000ecf2  __mspabi_fixdul               
0000eaa6  __mspabi_fltlid               
0000f1dc  __mspabi_fltud                
0000ebec  __mspabi_fltuld               
0000f1d0  __mspabi_func_epilog_1        
0000f1ce  __mspabi_func_epilog_2        
0000f1cc  __mspabi_func_epilog_3        
0000f1ca  __mspabi_func_epilog_4        
0000f1c8  __mspabi_func_epilog_5        
0000f1c6  __mspabi_func_epilog_6        
0000f1c4  __mspabi_func_epilog_7        
0000e104  __mspabi_mpyd                 
0000f0c0  __mspabi_mpyl                 
0000f0c0  __mspabi_mpyl_sw              
0000f01e  __mspabi_negd                 
0000efc6  __mspabi_remi                 
0000f132  __mspabi_remu                 
0000eff2  __mspabi_slli                 
0000f01a  __mspabi_slli_1               
0000f008  __mspabi_slli_10              
0000f006  __mspabi_slli_11              
0000f004  __mspabi_slli_12              
0000f002  __mspabi_slli_13              
0000f000  __mspabi_slli_14              
0000effe  __mspabi_slli_15              
0000f018  __mspabi_slli_2               
0000f016  __mspabi_slli_3               
0000f014  __mspabi_slli_4               
0000f012  __mspabi_slli_5               
0000f010  __mspabi_slli_6               
0000f00e  __mspabi_slli_7               
0000f00c  __mspabi_slli_8               
0000f00a  __mspabi_slli_9               
0000f1b4  __mspabi_slll                 
0000ef38  __mspabi_slll_1               
0000ef14  __mspabi_slll_10              
0000ef10  __mspabi_slll_11              
0000ef0c  __mspabi_slll_12              
0000ef08  __mspabi_slll_13              
0000ef04  __mspabi_slll_14              
0000ef00  __mspabi_slll_15              
0000ef34  __mspabi_slll_2               
0000ef30  __mspabi_slll_3               
0000ef2c  __mspabi_slll_4               
0000ef28  __mspabi_slll_5               
0000ef24  __mspabi_slll_6               
0000ef20  __mspabi_slll_7               
0000ef1c  __mspabi_slll_8               
0000ef18  __mspabi_slll_9               
0000ef9a  __mspabi_srai                 
0000efc2  __mspabi_srai_1               
0000efb0  __mspabi_srai_10              
0000efae  __mspabi_srai_11              
0000efac  __mspabi_srai_12              
0000efaa  __mspabi_srai_13              
0000efa8  __mspabi_srai_14              
0000efa6  __mspabi_srai_15              
0000efc0  __mspabi_srai_2               
0000efbe  __mspabi_srai_3               
0000efbc  __mspabi_srai_4               
0000efba  __mspabi_srai_5               
0000efb8  __mspabi_srai_6               
0000efb6  __mspabi_srai_7               
0000efb4  __mspabi_srai_8               
0000efb2  __mspabi_srai_9               
0000f1a4  __mspabi_sral                 
0000eefa  __mspabi_sral_1               
0000eed6  __mspabi_sral_10              
0000eed2  __mspabi_sral_11              
0000eece  __mspabi_sral_12              
0000eeca  __mspabi_sral_13              
0000eec6  __mspabi_sral_14              
0000eec2  __mspabi_sral_15              
0000eef6  __mspabi_sral_2               
0000eef2  __mspabi_sral_3               
0000eeee  __mspabi_sral_4               
0000eeea  __mspabi_sral_5               
0000eee6  __mspabi_sral_6               
0000eee2  __mspabi_sral_7               
0000eede  __mspabi_sral_8               
0000eeda  __mspabi_sral_9               
0000ee34  __mspabi_srli                 
0000ee7a  __mspabi_srli_1               
0000ee56  __mspabi_srli_10              
0000ee52  __mspabi_srli_11              
0000ee4e  __mspabi_srli_12              
0000ee4a  __mspabi_srli_13              
0000ee46  __mspabi_srli_14              
0000ee42  __mspabi_srli_15              
0000ee76  __mspabi_srli_2               
0000ee72  __mspabi_srli_3               
0000ee6e  __mspabi_srli_4               
0000ee6a  __mspabi_srli_5               
0000ee66  __mspabi_srli_6               
0000ee62  __mspabi_srli_7               
0000ee5e  __mspabi_srli_8               
0000ee5a  __mspabi_srli_9               
0000f180  __mspabi_srll                 
0000ee2c  __mspabi_srll_1               
0000edf6  __mspabi_srll_10              
0000edf0  __mspabi_srll_11              
0000edea  __mspabi_srll_12              
0000ede4  __mspabi_srll_13              
0000edde  __mspabi_srll_14              
0000edd8  __mspabi_srll_15              
0000ee26  __mspabi_srll_2               
0000ee20  __mspabi_srll_3               
0000ee1a  __mspabi_srll_4               
0000ee14  __mspabi_srll_5               
0000ee0e  __mspabi_srll_6               
0000ee08  __mspabi_srll_7               
0000ee02  __mspabi_srll_8               
0000edfc  __mspabi_srll_9               
0000ef3e  __mspabi_subd                 
0000f0e6  _c_int00_noargs               
0000fffe  _reset_vector                 
000003b0  _stack                        
0000f1ec  _system_post_cinit            
0000f1e8  _system_pre_init              
0000f1e2  abort                         
0000f098  config_ini                    
0000ef6c  copysign                      
0000ef6c  copysignl                     
00000280  errno                         
0000e5d2  floor                         
0000e5d2  floorl                        
0000f11c  ini_P1_P2                     
0000f102  ini_Timer1_PWM                
0000e7a2  ldexp                         
0000e7a2  ldexpl                        
0000eb52  main                          
0000f192  memcpy                        
00000282  n                             
0000e7a2  scalbn                        
0000e7a2  scalbnl                       
0000cd8e  sin                           
0000cd8e  sinl                          
00000200  vetor_pwm                     


GLOBAL SYMBOLS: SORTED BY Symbol Address 

address   name                          
-------   ----                          
00000000  IE1                           
00000001  IE2                           
00000002  IFG1                          
00000003  IFG2                          
00000010  P3REN                         
00000018  P3IN                          
00000019  P3OUT                         
0000001a  P3DIR                         
0000001b  P3SEL                         
00000020  P1IN                          
00000021  P1OUT                         
00000022  P1DIR                         
00000023  P1IFG                         
00000024  P1IES                         
00000025  P1IE                          
00000026  P1SEL                         
00000027  P1REN                         
00000028  P2IN                          
00000029  P2OUT                         
0000002a  P2DIR                         
0000002b  P2IFG                         
0000002c  P2IES                         
0000002d  P2IE                          
0000002e  P2SEL                         
0000002f  P2REN                         
00000041  P1SEL2                        
00000042  P2SEL2                        
00000043  P3SEL2                        
00000048  ADC10DTC0                     
00000049  ADC10DTC1                     
0000004a  ADC10AE0                      
00000050  __STACK_SIZE                  
00000053  BCSCTL3                       
00000056  DCOCTL                        
00000057  BCSCTL1                       
00000058  BCSCTL2                       
00000059  CACTL1                        
0000005a  CACTL2                        
0000005b  CAPD                          
0000005d  UCA0ABCTL                     
0000005e  UCA0IRTCTL                    
0000005f  UCA0IRRCTL                    
00000060  UCA0CTL0                      
00000061  UCA0CTL1                      
00000062  UCA0BR0                       
00000063  UCA0BR1                       
00000064  UCA0MCTL                      
00000065  UCA0STAT                      
00000066  UCA0RXBUF                     
00000067  UCA0TXBUF                     
00000068  UCB0CTL0                      
00000069  UCB0CTL1                      
0000006a  UCB0BR0                       
0000006b  UCB0BR1                       
0000006c  UCB0I2CIE                     
0000006d  UCB0STAT                      
0000006e  UCB0RXBUF                     
0000006f  UCB0TXBUF                     
00000118  UCB0I2COA                     
0000011a  UCB0I2CSA                     
0000011e  TA1IV                         
00000120  WDTCTL                        
00000128  FCTL1                         
0000012a  FCTL2                         
0000012c  FCTL3                         
0000012e  TA0IV                         
00000160  TA0CTL                        
00000162  TA0CCTL0                      
00000164  TA0CCTL1                      
00000166  TA0CCTL2                      
00000170  TA0R                          
00000172  TA0CCR0                       
00000174  TA0CCR1                       
00000176  TA0CCR2                       
00000180  TA1CTL                        
00000182  TA1CCTL0                      
00000184  TA1CCTL1                      
00000186  TA1CCTL2                      
00000190  TA1R                          
00000192  TA1CCR0                       
00000194  TA1CCR1                       
00000196  TA1CCR2                       
000001b0  ADC10CTL0                     
000001b2  ADC10CTL1                     
000001b4  ADC10MEM                      
000001bc  ADC10SA                       
00000200  vetor_pwm                     
00000280  errno                         
00000282  n                             
000003b0  _stack                        
00000400  __STACK_END                   
000010c0  TLV_CHECKSUM                  
000010da  TLV_ADC10_1_TAG               
000010db  TLV_ADC10_1_LEN               
000010f6  TLV_DCO_30_TAG                
000010f7  TLV_DCO_30_LEN                
000010f8  CALDCO_16MHZ                  
000010f9  CALBC1_16MHZ                  
000010fa  CALDCO_12MHZ                  
000010fb  CALBC1_12MHZ                  
000010fc  CALDCO_8MHZ                   
000010fd  CALBC1_8MHZ                   
000010fe  CALDCO_1MHZ                   
000010ff  CALBC1_1MHZ                   
0000c000  __kernel_rem_pio2             
0000cd8e  sin                           
0000cd8e  sinl                          
0000d660  __mspabi_addd                 
0000d95a  __kernel_sin                  
0000dc0e  __TI_frcmpyd                  
0000de94  __kernel_cos                  
0000e104  __mspabi_mpyd                 
0000e372  __TI_frcaddd                  
0000e5d2  floor                         
0000e5d2  floorl                        
0000e7a2  ldexp                         
0000e7a2  ldexpl                        
0000e7a2  scalbn                        
0000e7a2  scalbnl                       
0000e90c  __mspabi_cmpd                 
0000e9e8  __TI_renormd                  
0000eaa6  __mspabi_fltlid               
0000eb52  main                          
0000ebec  __mspabi_fltuld               
0000ec76  __TI_decompress_lzss          
0000ecf2  __mspabi_fixdul               
0000ed66  __mspabi_fixdli               
0000edd8  __mspabi_srll_15              
0000edde  __mspabi_srll_14              
0000ede4  __mspabi_srll_13              
0000edea  __mspabi_srll_12              
0000edf0  __mspabi_srll_11              
0000edf6  __mspabi_srll_10              
0000edfc  __mspabi_srll_9               
0000ee02  __mspabi_srll_8               
0000ee08  __mspabi_srll_7               
0000ee0e  __mspabi_srll_6               
0000ee14  __mspabi_srll_5               
0000ee1a  __mspabi_srll_4               
0000ee20  __mspabi_srll_3               
0000ee26  __mspabi_srll_2               
0000ee2c  __mspabi_srll_1               
0000ee34  __mspabi_srli                 
0000ee42  __mspabi_srli_15              
0000ee46  __mspabi_srli_14              
0000ee4a  __mspabi_srli_13              
0000ee4e  __mspabi_srli_12              
0000ee52  __mspabi_srli_11              
0000ee56  __mspabi_srli_10              
0000ee5a  __mspabi_srli_9               
0000ee5e  __mspabi_srli_8               
0000ee62  __mspabi_srli_7               
0000ee66  __mspabi_srli_6               
0000ee6a  __mspabi_srli_5               
0000ee6e  __mspabi_srli_4               
0000ee72  __mspabi_srli_3               
0000ee76  __mspabi_srli_2               
0000ee7a  __mspabi_srli_1               
0000ee80  __TI_auto_init_nobinit_nopinit
0000eec2  __mspabi_sral_15              
0000eec6  __mspabi_sral_14              
0000eeca  __mspabi_sral_13              
0000eece  __mspabi_sral_12              
0000eed2  __mspabi_sral_11              
0000eed6  __mspabi_sral_10              
0000eeda  __mspabi_sral_9               
0000eede  __mspabi_sral_8               
0000eee2  __mspabi_sral_7               
0000eee6  __mspabi_sral_6               
0000eeea  __mspabi_sral_5               
0000eeee  __mspabi_sral_4               
0000eef2  __mspabi_sral_3               
0000eef6  __mspabi_sral_2               
0000eefa  __mspabi_sral_1               
0000ef00  __mspabi_slll_15              
0000ef04  __mspabi_slll_14              
0000ef08  __mspabi_slll_13              
0000ef0c  __mspabi_slll_12              
0000ef10  __mspabi_slll_11              
0000ef14  __mspabi_slll_10              
0000ef18  __mspabi_slll_9               
0000ef1c  __mspabi_slll_8               
0000ef20  __mspabi_slll_7               
0000ef24  __mspabi_slll_6               
0000ef28  __mspabi_slll_5               
0000ef2c  __mspabi_slll_4               
0000ef30  __mspabi_slll_3               
0000ef34  __mspabi_slll_2               
0000ef38  __mspabi_slll_1               
0000ef3e  __mspabi_subd                 
0000ef6c  copysign                      
0000ef6c  copysignl                     
0000ef9a  __mspabi_srai                 
0000efa6  __mspabi_srai_15              
0000efa8  __mspabi_srai_14              
0000efaa  __mspabi_srai_13              
0000efac  __mspabi_srai_12              
0000efae  __mspabi_srai_11              
0000efb0  __mspabi_srai_10              
0000efb2  __mspabi_srai_9               
0000efb4  __mspabi_srai_8               
0000efb6  __mspabi_srai_7               
0000efb8  __mspabi_srai_6               
0000efba  __mspabi_srai_5               
0000efbc  __mspabi_srai_4               
0000efbe  __mspabi_srai_3               
0000efc0  __mspabi_srai_2               
0000efc2  __mspabi_srai_1               
0000efc6  __mspabi_divi                 
0000efc6  __mspabi_remi                 
0000eff2  __mspabi_slli                 
0000effe  __mspabi_slli_15              
0000f000  __mspabi_slli_14              
0000f002  __mspabi_slli_13              
0000f004  __mspabi_slli_12              
0000f006  __mspabi_slli_11              
0000f008  __mspabi_slli_10              
0000f00a  __mspabi_slli_9               
0000f00c  __mspabi_slli_8               
0000f00e  __mspabi_slli_7               
0000f010  __mspabi_slli_6               
0000f012  __mspabi_slli_5               
0000f014  __mspabi_slli_4               
0000f016  __mspabi_slli_3               
0000f018  __mspabi_slli_2               
0000f01a  __mspabi_slli_1               
0000f01e  __mspabi_negd                 
0000f048  RTI_M1_Timer1                 
0000f070  __mspabi_fixdi                
0000f098  config_ini                    
0000f0c0  __mspabi_mpyl                 
0000f0c0  __mspabi_mpyl_sw              
0000f0e6  _c_int00_noargs               
0000f102  ini_Timer1_PWM                
0000f11c  ini_P1_P2                     
0000f132  __mspabi_divu                 
0000f132  __mspabi_remu                 
0000f148  __TI_zero_init_nomemset       
0000f15c  __mspabi_fixdu                
0000f16e  __TI_decompress_none          
0000f180  __mspabi_srll                 
0000f192  memcpy                        
0000f1a4  __mspabi_sral                 
0000f1b4  __mspabi_slll                 
0000f1c4  __mspabi_func_epilog_7        
0000f1c6  __mspabi_func_epilog_6        
0000f1c8  __mspabi_func_epilog_5        
0000f1ca  __mspabi_func_epilog_4        
0000f1cc  __mspabi_func_epilog_3        
0000f1ce  __mspabi_func_epilog_2        
0000f1d0  __mspabi_func_epilog_1        
0000f1d4  __TI_ISR_TRAP                 
0000f1dc  __mspabi_fltud                
0000f1e2  C$$EXIT                       
0000f1e2  abort                         
0000f1e8  _system_pre_init              
0000f1ec  _system_post_cinit            
0000f346  __TI_Handler_Table_Base       
0000f34c  __TI_Handler_Table_Limit      
0000f350  __TI_CINIT_Base               
0000f358  __TI_CINIT_Limit              
0000ffe0  __TI_int00                    
0000ffe4  __TI_int02                    
0000ffe6  __TI_int03                    
0000ffea  __TI_int05                    
0000ffec  __TI_int06                    
0000ffee  __TI_int07                    
0000fff0  __TI_int08                    
0000fff2  __TI_int09                    
0000fff4  __TI_int10                    
0000fff6  __TI_int11                    
0000fff8  __TI_int12                    
0000fffa  __TI_int13                    
0000fffc  __TI_int14                    
0000fffe  _reset_vector                 
ffffffff  __TI_pprof_out_hndl           
ffffffff  __TI_prof_data_size           
ffffffff  __TI_prof_data_start          
ffffffff  __c_args__                    

[279 symbols]
